Microchip MPLAB XC8 Compiler V2.50

Linker command line:

-W-3 \
  --edf=C:\Program Files\Microchip\xc8\v2.50\pic\dat\20240725155939_en.msgs \
  -cn -h+dist/default/production\2emeALidar_Proc_principal.X.production.sym \
  --cmf=dist/default/production\2emeALidar_Proc_principal.X.production.cmf \
  -z -Q18F47K40 -oC:\Users\Heat\AppData\Local\Temp\xcBshsc.1\driver_tmp_3.o \
  --defsym=__MPLAB_BUILD=1 --fixupoverflow=error \
  -Mdist/default/production/2emeALidar_Proc_principal.X.production.map \
  --md=C:\Users\Heat\AppData\Local\Temp\xcBshsc.1\driver_tmp_0.dat -E1 \
  -ver=XC8 Compiler --acfsm=1493 -ACODE=00h-01FFFFh -ACONST=00h-01FFFFh \
  -ASMALLCONST=0F00h-0FFFhx497 -AMEDIUMCONST=0F00h-0FFFFh,010F00h-01FFFFh \
  -ACOMRAM=01h-05Fh -AABS1=00h-0E87h -ABIGRAM=01h-0E87h \
  -ARAM=060h-0FFh,0100h-01FFhx13,0E00h-0E87h -ABANK0=060h-0FFh \
  -ABANK1=0100h-01FFh -ABANK2=0200h-02FFh -ABANK3=0300h-03FFh \
  -ABANK4=0400h-04FFh -ABANK5=0500h-05FFh -ABANK6=0600h-06FFh \
  -ABANK7=0700h-07FFh -ABANK8=0800h-08FFh -ABANK9=0900h-09FFh \
  -ABANK10=0A00h-0AFFh -ABANK11=0B00h-0BFFh -ABANK12=0C00h-0CFFh \
  -ABANK13=0D00h-0DFFh -ABANK14=0E00h-0E87h \
  -ASFR=0E8Dh-0EFFh,0F00h-0F5Fh,0F60h-0FFFh -ABIGSFR=0E8Dh-0FFFh \
  -ACONFIG=0300000h-030000Bh -AIDLOC=0200000h-020000Fh \
  -AEEDATA=0310000h-03103FFh -peeprom_data=EEDATA \
  -preset_vec=00h,intcode=8h,intcodelo=18h,powerup,init -pramtop=0F00h \
  -psmallconst=SMALLCONST -pmediumconst=MEDIUMCONST -pconst=CONST \
  -AFARRAM=00h-00h \
  -prdata=COMRAM,nvrram=COMRAM,nvbit=COMRAM,rbss=COMRAM,rbit=COMRAM \
  -pfarbss=FARRAM,fardata=FARRAM,nvFARRAM=FARRAM \
  -pintsave_regs=BIGRAM,bigbss=BIGRAM,bigdata=BIGRAM -pbss=RAM \
  -pidata=CODE,irdata=CODE,ibigdata=CODE,ifardata=CODE -prparam=COMRAM \
  C:\Users\Heat\AppData\Local\Temp\xcBshsc.1\driver_tmp_9.o \
  dist/default/production\2emeALidar_Proc_principal.X.production.o 

Object code version is 3.11

Machine type is 18F47K40



                Name                               Link     Load   Length Selector   Space Scale
C:\Users\Heat\AppData\Local\Temp\xcBshsc.1\driver_tmp_9.o
                config                           300000   300000        C        0       4
                init                                B20      B20        4        C       0
                reset_vec                             0        0        4        0       0
dist/default/production\2emeALidar_Proc_principal.X.production.o
                intcodelo                            18       18      B08        C       0
                intcode                               8        8        6        4       0
                config                           300000   300000        C        0       4
                temp                                 46       46        1        1       1
                mediumconst                        FE66     FE66      19A     7F33       0
                text60                            14D6E    14D6E       C2     8000       0
                intcode_body                      10790    10790      73A     8000       0
                text58                            14FA6    14FA6       AA     8000       0
                text57                            15428    15428       34     8000       0
                text56                            13426    13426      392     8000       0
                text55                            12C6C    12C6C      428     8000       0
                text54                            15384    15384       38     8000       0
                text53                            11F1E    11F1E      4B8     8000       0
                text52                            1523C    1523C       48     8000       0
                text51                            14AB8    14AB8       FE     8000       0
                text50                            10000    10000      790     8000       0
                text49                            15590    15590       18     8000       0
                text48                            15528    15528       1C     8000       0
                text47                            1469E    1469E      10A     8000       0
                text46                            148B0    148B0      108     8000       0
                text45                            14010    14010      1B4     8000       0
                text43                            155DE    155DE       12     8000       0
                text42                            14EEE    14EEE       B8     8000       0
                text41                            152CA    152CA       42     8000       0
                text40                            153F2    153F2       36     8000       0
                text39                            15284    15284       46     8000       0
                text38                            150CE    150CE       76     8000       0
                text37                            15144    15144       66     8000       0
                text36                            14338    14338      148     8000       0
                text35                            153BC    153BC       36     8000       0
                text34                            151AA    151AA       4A     8000       0
                text33                            147A8    147A8      108     8000       0
                text32                            14E30    14E30       BE     8000       0
                text31                            1530C    1530C       3E     8000       0
                text30                            1550A    1550A       1E     8000       0
                text29                            155FA    155FA        A     8000       0
                text28                            15486    15486       24     8000       0
                text27                            155CC    155CC       12     8000       0
                text26                            155BA    155BA       12     8000       0
                text25                            154AA    154AA       22     8000       0
                text24                            12844    12844      428     8000       0
                text23                            11A30    11A30      4EE     8000       0
                text22                            151F4    151F4       48     8000       0
                text21                            13E58    13E58      1B8     8000       0
                text20                            137B8    137B8      314     8000       0
                text19                            1555E    1555E       1A     8000       0
                text18                            154EC    154EC       1E     8000       0
                text17                            14592    14592      10C     8000       0
                text16                            13094    13094      392     8000       0
                text15                            1534A    1534A       3A     8000       0
                text14                            123D6    123D6      46E     8000       0
                text13                            154CC    154CC       20     8000       0
                text12                            141C4    141C4      174     8000       0
                text11                            155F0    155F0        A     8000       0
                text10                            14BB6    14BB6       F6     8000       0
                text9                             155A8    155A8       12     8000       0
                text8                             14CAC    14CAC       C2     8000       0
                text7                             10ECA    10ECA      5CA     8000       0
                text6                             15544    15544       1A     8000       0
                text5                             149B8    149B8      100     8000       0
                text4                             11494    11494      59C     8000       0
                text3                             13ACC    13ACC      1CA     8000       0
                text2                             13C96    13C96      1C2     8000       0
                text1                             1545C    1545C       2A     8000       0
                text0                             14480    14480      112     8000       0
                cstackCOMRAM                          1        1       2C        1       1
                cstackBANK0                          60       60       53       60       1
                cstackBANK1                         166      166       57      100       1
                cstackBANK2                         200      200       45      200       1
                dataBANK1                           1BD      1BD       18      100       1
                bssBANK1                            100      100       66      100       1
                dataBANK0                            ED       ED        2       60       1
                bssBANK0                             B3       B3       3A       60       1
                dataCOMRAM                           44       44        2        1       1
                bssCOMRAM                            2D       2D       17        1       1
                cinit                             15050    15050       7E     8000       0
                idataBANK1                        15578    15578       18     8000       0
                idataBANK0                        15606    15606        2     8000       0
                idataCOMRAM                       15604    15604        2     8000       0

TOTAL           Name                               Link     Load   Length     Space
        CLASS   CODE           
                intcodelo                            18       18      B08         0
                intcode                               8        8        6         0
                init                                B20      B20        4         0
                reset_vec                             0        0        4         0
                text60                            14D6E    14D6E       C2         0
                intcode_body                      10790    10790      73A         0
                text58                            14FA6    14FA6       AA         0
                text57                            15428    15428       34         0
                text56                            13426    13426      392         0
                text55                            12C6C    12C6C      428         0
                text54                            15384    15384       38         0
                text53                            11F1E    11F1E      4B8         0
                text52                            1523C    1523C       48         0
                text51                            14AB8    14AB8       FE         0
                text50                            10000    10000      790         0
                text49                            15590    15590       18         0
                text48                            15528    15528       1C         0
                text47                            1469E    1469E      10A         0
                text46                            148B0    148B0      108         0
                text45                            14010    14010      1B4         0
                text43                            155DE    155DE       12         0
                text42                            14EEE    14EEE       B8         0
                text41                            152CA    152CA       42         0
                text40                            153F2    153F2       36         0
                text39                            15284    15284       46         0
                text38                            150CE    150CE       76         0
                text37                            15144    15144       66         0
                text36                            14338    14338      148         0
                text35                            153BC    153BC       36         0
                text34                            151AA    151AA       4A         0
                text33                            147A8    147A8      108         0
                text32                            14E30    14E30       BE         0
                text31                            1530C    1530C       3E         0
                text30                            1550A    1550A       1E         0
                text29                            155FA    155FA        A         0
                text28                            15486    15486       24         0
                text27                            155CC    155CC       12         0
                text26                            155BA    155BA       12         0
                text25                            154AA    154AA       22         0
                text24                            12844    12844      428         0
                text23                            11A30    11A30      4EE         0
                text22                            151F4    151F4       48         0
                text21                            13E58    13E58      1B8         0
                text20                            137B8    137B8      314         0
                text19                            1555E    1555E       1A         0
                text18                            154EC    154EC       1E         0
                text17                            14592    14592      10C         0
                text16                            13094    13094      392         0
                text15                            1534A    1534A       3A         0
                text14                            123D6    123D6      46E         0
                text13                            154CC    154CC       20         0
                text12                            141C4    141C4      174         0
                text11                            155F0    155F0        A         0
                text10                            14BB6    14BB6       F6         0
                text9                             155A8    155A8       12         0
                text8                             14CAC    14CAC       C2         0
                text7                             10ECA    10ECA      5CA         0
                text6                             15544    15544       1A         0
                text5                             149B8    149B8      100         0
                text4                             11494    11494      59C         0
                text3                             13ACC    13ACC      1CA         0
                text2                             13C96    13C96      1C2         0
                text1                             1545C    1545C       2A         0
                text0                             14480    14480      112         0
                cinit                             15050    15050       7E         0
                idataBANK1                        15578    15578       18         0
                idataBANK0                        15606    15606        2         0
                idataCOMRAM                       15604    15604        2         0

        CLASS   CONST          

        CLASS   SMALLCONST     

        CLASS   MEDIUMCONST    
                mediumconst                        FE66     FE66      19A         0

        CLASS   COMRAM         
                temp                                 46       46        1         1
                cstackCOMRAM                          1        1       2C         1
                dataCOMRAM                           44       44        2         1
                bssCOMRAM                            2D       2D       17         1

        CLASS   ABS1           

        CLASS   BIGRAM         

        CLASS   RAM            

        CLASS   BANK0          
                cstackBANK0                          60       60       53         1
                dataBANK0                            ED       ED        2         1
                bssBANK0                             B3       B3       3A         1

        CLASS   BANK1          
                cstackBANK1                         166      166       57         1
                dataBANK1                           1BD      1BD       18         1
                bssBANK1                            100      100       66         1

        CLASS   BANK2          
                cstackBANK2                         200      200       45         1

        CLASS   BANK3          

        CLASS   BANK4          

        CLASS   BANK5          

        CLASS   BANK6          

        CLASS   BANK7          

        CLASS   BANK8          

        CLASS   BANK9          

        CLASS   BANK10         

        CLASS   BANK11         

        CLASS   BANK12         

        CLASS   BANK13         

        CLASS   BANK14         

        CLASS   SFR            

        CLASS   BIGSFR         

        CLASS   CONFIG         
                config                           300000   300000        C         4

        CLASS   IDLOC          

        CLASS   EEDATA         

        CLASS   FARRAM         

        CLASS   HEAP           

        CLASS   STACK          



SEGMENTS        Name                           Load    Length   Top    Selector   Space  Class

                reset_vec                      000000  000004  000004         0       0  CODE    
                cstackCOMRAM                   000001  000046  000047         1       1  COMRAM  
                intcode                        000008  000006  00000E         4       0  CODE    
                intcodelo                      000018  000B0C  000B24         C       0  CODE    
                cstackBANK0                    000060  00008F  0000EF        60       1  BANK0   
                bssBANK1                       000100  0000D5  0001D5       100       1  BANK1   
                cstackBANK2                    000200  000045  000245       200       1  BANK2   
                mediumconst                    00FE66  00019A  010000      7F33       0  MEDIUMCO
                text50                         010000  005608  015608      8000       0  CODE    


UNUSED ADDRESS RANGES

        Name                Unused          Largest block    Delta
        BANK0            0000EF-0000FF               11
        BANK1            0001D5-0001FF               2B
        BANK10           000A00-000AFF              100
        BANK11           000B00-000BFF              100
        BANK12           000C00-000CFF              100
        BANK13           000D00-000DFF              100
        BANK14           000E00-000E87               88
        BANK2            000245-0002FF               BB
        BANK3            000300-0003FF              100
        BANK4            000400-0004FF              100
        BANK5            000500-0005FF              100
        BANK6            000600-0006FF              100
        BANK7            000700-0007FF              100
        BANK8            000800-0008FF              100
        BANK9            000900-0009FF              100
        BIGRAM           000047-00005F               19
                         0000EF-0000FF               11
                         0001D5-0001FF               2B
                         000245-000E87              C43
        BIGSFR           000E8D-000FFF              173
        CODE             000004-000007                4
                         00000E-000017                A
                         000B24-00FE65             F342
                         015608-01FFFF             A9F8
        COMRAM           000047-00005F               19
        CONST            000004-000007                4
                         00000E-000017                A
                         000B24-00FE65             F342
                         015608-01FFFF             A9F8
        EEDATA           310000-3103FF              400
        IDLOC            200000-20000F               10
        MEDIUMCONST      000F00-00FE65             EF66
                         015608-01FFFF             A9F8
        RAM              0000EF-0000FF               11
                         0001D5-0001FF               2B
                         000245-000E87              100
        SFR              000E8D-000FFF               73
        SMALLCONST       000F00-00FE65              100
                         015608-01FFFF              100

                                  Symbol Table

?_ENC_Get_Value                        cstackBANK1  000190
?_Get_Millis                           cstackBANK1  000190
?_Motors_Get_Enc_Left                  cstackBANK1  000190
?_Motors_Get_Enc_Right                 cstackBANK1  000190
?___aldiv                              cstackBANK1  000190
?___awdiv                              cstackCOMRAM 000001
?___fladd                              cstackBANK2  000200
?___fldiv                              cstackBANK2  000214
?___flmul                              cstackBANK1  00019E
?___flneg                              cstackBANK1  000190
?___flsub                              cstackBANK2  00020C
?___fltol                              cstackBANK1  000190
?___fpclassifyf                        cstackBANK1  000190
?___lwdiv                              cstackBANK1  000195
?___lwmod                              cstackBANK1  000190
?___xxtofl                             cstackBANK1  000190
?_abs                                  cstackBANK1  000190
?_atanf                                cstackBANK0  00009E
?_fabsf                                cstackCOMRAM 000019
?_fmodf                                cstackBANK1  00019E
?i1___aldiv                            cstackCOMRAM 000019
?i1___fladd                            cstackBANK0  000075
?i1___fldiv                            cstackBANK0  000085
?i1___flmul                            cstackBANK0  000060
?i1___flneg                            cstackCOMRAM 000019
?i1___flsub                            cstackBANK0  000085
?i1___fltol                            cstackBANK0  000075
?i1___fpclassifyf                      cstackCOMRAM 000019
?i1___xxtofl                           cstackCOMRAM 000019
BT_Enable@BT                           cstackBANK1  000190
Compass_Calibre@i                      cstackBANK2  000238
Compass_Calibre@j                      cstackBANK2  000239
ENC_Set_Value@val                      cstackBANK1  000190
LCD_Goto@colonne                       cstackBANK1  00019E
LCD_Goto@ligne                         cstackBANK1  00019F
LCD_Print@t                            cstackBANK1  00019E
LCD_Retro@retro                        cstackBANK1  000190
LCD_Write@byte                         cstackBANK1  00019D
LCD_Write@type                         cstackBANK1  00019C
LCD_Write_s16bits@digit                cstackBANK1  0001A3
LCD_Write_s16bits@var                  cstackBANK1  0001A1
LCD_Write_u16bits@digit                cstackBANK1  0001A0
LCD_Write_u16bits@var                  cstackBANK1  00019E
LIDAR_Motor_Enable@motor_en            cstackBANK1  000190
Motors_Enable@enable                   cstackBANK1  000190
Motors_Speed@vitd                      cstackBANK1  000190
Motors_Speed@vitg                      cstackBANK1  000191
Motors_Turn_Angle@angle                cstackBANK1  0001BB
Motors_Turn_Angle@anglefloat           cstackBANK2  000228
Motors_Turn_Angle@coeff                cstackBANK2  000224
Motors_Turn_Angle@encd                 cstackBANK2  000220
Motors_Turn_Angle@encg                 cstackBANK2  00021C
Motors_Turn_Angle@erreurad             cstackBANK2  000230
Motors_Turn_Angle@erreurag             cstackBANK2  00022C
SSP2_Read@SSP2_ADD                     cstackBANK1  000191
SSP2_Read@SSP2_REG                     cstackBANK1  000190
SSP2_Write@SSP2_ADD                    cstackBANK1  000192
SSP2_Write@SSP2_DATA                   cstackBANK1  000191
SSP2_Write@SSP2_REG                    cstackBANK1  000190
_ADCLK                                 (abs)        000F57
_ADCON0                                (abs)        000F60
_ADCON1                                (abs)        000F59
_ADCON2                                (abs)        000F5A
_ADCON3                                (abs)        000F5B
_ADGO                                  (abs)        007B00
_ADPCH                                 (abs)        000F5F
_ADR                                   bssBANK1     000140
_ADREF                                 (abs)        000F58
_ADRESH                                (abs)        000F64
_ANGLE_MAGN                            bssBANK0     0000E9
_ANSELA                                (abs)        000F11
_ANSELB                                (abs)        000F19
_ANSELC                                (abs)        000F21
_ANSELD                                (abs)        000F26
_ANSELE                                (abs)        000F2E
_BAUDCON1bits                          (abs)        000F9F
_BAUDCON2bits                          (abs)        000E9F
_BP_Edge                               bssCOMRAM    00003E
_BP_Get_Falling_Edge                   text31       01530C
_BP_Status                             dataCOMRAM   000045
_BTC                                   bssBANK0     0000E1
_BT_Enable                             text30       01550A
_CCP1CON                               (abs)        000FAC
_CCP2CON                               (abs)        000FA8
_CCPR1H                                (abs)        000FAB
_CCPR1L                                (abs)        000FAA
_CCPR2H                                (abs)        000FA7
_CCPR2L                                (abs)        000FA6
_CCPTMRS                               (abs)        000FAE
_CENCA                                 bssBANK0     0000E7
_CENCB                                 bssBANK0     0000E6
_CPTNBECHTMR3                          bssBANK0     0000E3
_CPTTMR3                               bssBANK0     0000E4
_CPT_BT                                bssBANK0     0000E2
_CPT_ENC                               bssBANK0     0000E5
_CPT_ENCD                              bssBANK1     000130
_CPT_ENCG                              bssBANK1     000134
_CPT_RC1                               bssCOMRAM    00003B
_CPT_RC2                               bssCOMRAM    00003A
_CSSP2                                 bssCOMRAM    000043
_Compass_Calibre                       text14       0123D6
_Compass_Init                          text12       0141C4
_ENC_Get_Value                         text11       0155F0
_ENC_Set_Value                         text29       0155FA
_GIE                                   (abs)        007F97
_GIEH                                  (abs)        007F97
_GIEL                                  (abs)        007F96
_Get_Millis                            text43       0155DE
_IOCAF6                                (abs)        007856
_IOCAN6                                (abs)        00785E
_IOCAP6                                (abs)        007866
_IOCBF0                                (abs)        007890
_IOCBN0                                (abs)        007898
_IOCBP0                                (abs)        0078A0
_IOCCF2                                (abs)        0078D2
_IOCCF5                                (abs)        0078D5
_IOCCN2                                (abs)        0078DA
_IOCCN5                                (abs)        0078DD
_IOCCP2                                (abs)        0078E2
_IOCCP5                                (abs)        0078E5
_IOCIE                                 (abs)        007614
_IOCIF                                 (abs)        007654
_IOCIP                                 (abs)        0075D4
_IPEN                                  (abs)        007F95
_Initialisation                        text7        010ECA
_LATAbits                              (abs)        000F83
_LATBbits                              (abs)        000F84
_LATDbits                              (abs)        000F86
_LATEbits                              (abs)        000F87
_LCD_Clear                             text13       0154CC
_LCD_Goto                              text40       0153F2
_LCD_Init                              text10       014BB6
_LCD_Print                             text39       015284
_LCD_Retro                             text9        0155A8
_LCD_Write                             text41       0152CA
_LCD_Write_s16bits                     text34       0151AA
_LCD_Write_u16bits                     text36       014338
_LCD_afficher_odometrie                text32       014E30
_LIDAR_Motor_Enable                    text8        014CAC
_MAGN_X                                bssBANK0     0000DB
_MAGN_X_H                              bssBANK0     0000DF
_MAGN_X_L                              bssBANK0     0000DD
_MAGN_X_MAX                            dataBANK1    0001D3
_MAGN_X_MIN                            dataBANK1    0001D1
_MAGN_X_TOTAL                          bssBANK1     00013C
_MAGN_X_ZERO                           bssBANK0     0000D3
_MAGN_Y                                bssBANK0     0000D5
_MAGN_Y_H                              bssBANK0     0000D9
_MAGN_Y_L                              bssBANK0     0000D7
_MAGN_Y_MAX                            dataBANK1    0001CF
_MAGN_Y_MIN                            dataBANK1    0001CD
_MAGN_Y_TOTAL                          bssBANK1     000138
_MAGN_Y_ZERO                           bssBANK0     0000D1
_MOTEUR_SPEED_DROITE                   bssCOMRAM    000036
_MOTEUR_SPEED_GAUCHE                   bssCOMRAM    000037
_Motors_Enable                         text28       015486
_Motors_Get_Enc_Left                   text27       0155CC
_Motors_Get_Enc_Right                  text26       0155BA
_Motors_Speed                          text25       0154AA
_Motors_Turn_Angle                     text20       0137B8
_NVMADRH                               (abs)        000F7F
_NVMADRL                               (abs)        000F7E
_NVMCON1bits                           (abs)        000F81
_NVMCON2                               (abs)        000F82
_NVMDAT                                (abs)        000F80
_Old_BP_Status                         dataCOMRAM   000044
_PEIE                                  (abs)        007F96
_PMD0bits                              (abs)        000EE1
_PMD2bits                              (abs)        000EE3
_PMD3bits                              (abs)        000EE4
_PMD4bits                              (abs)        000EE5
_PMD5bits                              (abs)        000EE6
_PORTAbits                             (abs)        000F8D
_PORTBbits                             (abs)        000F8E
_PORTCbits                             (abs)        000F8F
_PORTDbits                             (abs)        000F90
_PR2                                   (abs)        000FBC
_PR4                                   (abs)        000FB6
_PWM3CON                               (abs)        000FA5
_PWM3DCH                               (abs)        000FA4
_RA0PPS                                (abs)        000EE7
_RAPPORT_X_Y                           bssBANK0     0000B3
_RC1IE                                 (abs)        00762D
_RC1IF                                 (abs)        00766D
_RC1IP                                 (abs)        0075ED
_RC1PPS                                (abs)        000EF8
_RC1REG                                (abs)        000F99
_RC1REG_DATA                           bssCOMRAM    00003D
_RC1STAbits                            (abs)        000F9D
_RC2IE                                 (abs)        00762F
_RC2IF                                 (abs)        00766F
_RC2IP                                 (abs)        0075EF
_RC2REG                                (abs)        000E99
_RC2REG_DATA                           bssCOMRAM    00003C
_RC2STAbits                            (abs)        000E9D
_RC6PPS                                (abs)        000EFD
_RC7PPS                                (abs)        000EFE
_RCSTA1bits                            (abs)        000F9D
_RCSTA2bits                            (abs)        000E9D
_RD1PPS                                (abs)        000F00
_RD2PPS                                (abs)        000F01
_RD3PPS                                (abs)        000F02
_READ                                  bssCOMRAM    000042
_RX1PPS                                (abs)        000EB5
_RX2PPS                                (abs)        000E8D
_SPBRG1                                (abs)        000F9B
_SPBRG2                                (abs)        000E9B
_SSP2ADD                               (abs)        000E93
_SSP2BUF                               (abs)        000E92
_SSP2CLKPPS                            (abs)        000E8F
_SSP2CON1                              (abs)        000E96
_SSP2CON2bits                          (abs)        000E97
_SSP2CON3                              (abs)        000E98
_SSP2DATPPS                            (abs)        000E90
_SSP2IE                                (abs)        00762A
_SSP2IF                                (abs)        00766A
_SSP2IP                                (abs)        0075EA
_SSP2STAT                              (abs)        000E95
_SSP2_ADD_ISR                          bssCOMRAM    000040
_SSP2_DATA_ISR                         bssBANK0     0000E8
_SSP2_REG_ISR                          bssCOMRAM    00003F
_SSP2_Read                             text19       01555E
_SSP2_Write                            text18       0154EC
_T1CON                                 (abs)        000FCF
_T2CLKCON                              (abs)        000FBF
_T2CON                                 (abs)        000FBD
_T2PR                                  (abs)        000FBC
_T3CON                                 (abs)        000FC9
_T4CLKCON                              (abs)        000FB9
_T4CON                                 (abs)        000FB7
_T5CON                                 (abs)        000FC3
_T6CLKCON                              (abs)        000FB3
_T6CON                                 (abs)        000FB1
_T6PR                                  (abs)        000FB0
_TMR0IE                                (abs)        007615
_TMR0IP                                (abs)        0075D5
_TMR1                                  (abs)        000FCD
_TMR1CLK                               (abs)        000FD2
_TMR1IE                                (abs)        007630
_TMR1IF                                (abs)        007670
_TMR1IP                                (abs)        0075F0
_TMR2IE                                (abs)        007631
_TMR2IP                                (abs)        0075F1
_TMR3                                  (abs)        000FC7
_TMR3CLK                               (abs)        000FCC
_TMR3IE                                (abs)        007632
_TMR3IF                                (abs)        007672
_TMR3IP                                (abs)        0075F2
_TMR3ON                                (abs)        007E48
_TMR4IE                                (abs)        007633
_TMR4IP                                (abs)        0075F3
_TMR5                                  (abs)        000FC1
_TMR5CLK                               (abs)        000FC6
_TMR5IE                                (abs)        007634
_TMR5IF                                (abs)        007674
_TMR5IP                                (abs)        0075F4
_TMR6IE                                (abs)        007635
_TMR6IF                                (abs)        007675
_TMR6IP                                (abs)        0075F5
_TRISA                                 (abs)        000F88
_TRISB                                 (abs)        000F89
_TRISC                                 (abs)        000F8A
_TRISD                                 (abs)        000F8B
_TRISE                                 (abs)        000F8C
_TX1REG                                (abs)        000F9A
_TX1STAbits                            (abs)        000F9E
_TX2REG                                (abs)        000E9A
_TX2STAbits                            (abs)        000E9E
_TXSTA1bits                            (abs)        000F9E
_TXSTA2bits                            (abs)        000E9E
_WPUA                                  (abs)        000F10
_WPUB                                  (abs)        000F18
_WPUC                                  (abs)        000F20
_WPUD                                  (abs)        000F25
_WPUE                                  (abs)        000F2D
_WRITE                                 bssCOMRAM    000041
__HRAM                                 (abs)        000000
__H__absolute__                        __absolute__ 000000
__Habs1                                abs1         000000
__Hbank0                               bank0        000000
__Hbank1                               bank1        000000
__Hbank10                              bank10       000000
__Hbank11                              bank11       000000
__Hbank12                              bank12       000000
__Hbank13                              bank13       000000
__Hbank14                              bank14       000000
__Hbank2                               bank2        000000
__Hbank3                               bank3        000000
__Hbank4                               bank4        000000
__Hbank5                               bank5        000000
__Hbank6                               bank6        000000
__Hbank7                               bank7        000000
__Hbank8                               bank8        000000
__Hbank9                               bank9        000000
__Hbigbss                              bigbss       000000
__Hbigdata                             bigdata      000000
__Hbigram                              bigram       000000
__Hbigsfr                              bigsfr       000000
__Hbss                                 bss          000000
__HbssBANK0                            bssBANK0     000000
__HbssBANK1                            bssBANK1     000000
__HbssCOMRAM                           bssCOMRAM    000000
__Hcinit                               cinit        000000
__Hclrtext                             clrtext      000000
__Hcomram                              comram       000000
__Hconfig                              config       30000C
__Hconst                               const        000000
__HcstackBANK0                         cstackBANK0  000000
__HcstackBANK1                         cstackBANK1  000000
__HcstackBANK2                         cstackBANK2  000000
__HcstackCOMRAM                        cstackCOMRAM 000000
__Hdata                                data         000000
__HdataBANK0                           dataBANK0    000000
__HdataBANK1                           dataBANK1    000000
__HdataCOMRAM                          dataCOMRAM   000000
__Heeprom_data                         eeprom_data  000000
__Hfarbss                              farbss       000000
__Hfardata                             fardata      000000
__Hheap                                heap         000000
__Hibigdata                            ibigdata     000000
__Hidata                               idata        000000
__HidataBANK0                          idataBANK0   000000
__HidataBANK1                          idataBANK1   000000
__HidataCOMRAM                         idataCOMRAM  000000
__Hidloc                               idloc        000000
__Hifardata                            ifardata     000000
__Hinit                                init         000B24
__Hintcode                             intcode      00000E
__Hintcode_body                        intcode_body 000000
__Hintcodelo                           intcodelo    000B20
__Hintentry                            intentry     000000
__Hintret                              intret       000000
__Hintsave_regs                        intsave_regs 000000
__Hirdata                              irdata       000000
__Hmediumconst                         mediumconst  010000
__HnvFARRAM                            nvFARRAM     000000
__Hnvbit                               nvbit        000000
__Hnvrram                              nvrram       000000
__Hparam                               rparam       000000
__Hpowerup                             powerup      000B20
__Hram                                 ram          000000
__Hramtop                              ramtop       000F00
__Hrbit                                rbit         000000
__Hrbss                                rbss         000000
__Hrdata                               rdata        000000
__Hreset_vec                           reset_vec    000004
__Hrparam                              rparam       000000
__Hsfr                                 sfr          000000
__Hsivt_hi                             sivt_hi      000000
__Hsivt_lo                             sivt_lo      000000
__Hsmallconst                          smallconst   000000
__Hspace_0                             (abs)        015608
__Hspace_1                             (abs)        000245
__Hspace_2                             (abs)        000000
__Hspace_4                             (abs)        60000C
__Hstack                               stack        000000
__Hstruct                              struct       000000
__Htemp                                temp         000047
__Htext                                text         000000
__Htext0                               text0        000000
__Htext1                               text1        000000
__Htext10                              text10       000000
__Htext11                              text11       000000
__Htext12                              text12       000000
__Htext13                              text13       000000
__Htext14                              text14       000000
__Htext15                              text15       000000
__Htext16                              text16       000000
__Htext17                              text17       000000
__Htext18                              text18       000000
__Htext19                              text19       000000
__Htext2                               text2        000000
__Htext20                              text20       000000
__Htext21                              text21       000000
__Htext22                              text22       000000
__Htext23                              text23       000000
__Htext24                              text24       000000
__Htext25                              text25       000000
__Htext26                              text26       000000
__Htext27                              text27       000000
__Htext28                              text28       000000
__Htext29                              text29       000000
__Htext3                               text3        000000
__Htext30                              text30       000000
__Htext31                              text31       000000
__Htext32                              text32       000000
__Htext33                              text33       000000
__Htext34                              text34       000000
__Htext35                              text35       000000
__Htext36                              text36       000000
__Htext37                              text37       000000
__Htext38                              text38       000000
__Htext39                              text39       000000
__Htext4                               text4        000000
__Htext40                              text40       000000
__Htext41                              text41       000000
__Htext42                              text42       000000
__Htext43                              text43       000000
__Htext45                              text45       000000
__Htext46                              text46       000000
__Htext47                              text47       000000
__Htext48                              text48       000000
__Htext49                              text49       000000
__Htext5                               text5        000000
__Htext50                              text50       000000
__Htext51                              text51       000000
__Htext52                              text52       000000
__Htext53                              text53       000000
__Htext54                              text54       000000
__Htext55                              text55       000000
__Htext56                              text56       000000
__Htext57                              text57       000000
__Htext58                              text58       000000
__Htext6                               text6        000000
__Htext60                              text60       000000
__Htext7                               text7        000000
__Htext8                               text8        000000
__Htext9                               text9        000000
__LRAM                                 (abs)        000001
__L__absolute__                        __absolute__ 000000
__Labs1                                abs1         000000
__Lbank0                               bank0        000000
__Lbank1                               bank1        000000
__Lbank10                              bank10       000000
__Lbank11                              bank11       000000
__Lbank12                              bank12       000000
__Lbank13                              bank13       000000
__Lbank14                              bank14       000000
__Lbank2                               bank2        000000
__Lbank3                               bank3        000000
__Lbank4                               bank4        000000
__Lbank5                               bank5        000000
__Lbank6                               bank6        000000
__Lbank7                               bank7        000000
__Lbank8                               bank8        000000
__Lbank9                               bank9        000000
__Lbigbss                              bigbss       000000
__Lbigdata                             bigdata      000000
__Lbigram                              bigram       000000
__Lbigsfr                              bigsfr       000000
__Lbss                                 bss          000000
__LbssBANK0                            bssBANK0     000000
__LbssBANK1                            bssBANK1     000000
__LbssCOMRAM                           bssCOMRAM    000000
__Lcinit                               cinit        000000
__Lclrtext                             clrtext      000000
__Lcomram                              comram       000000
__Lconfig                              config       000000
__Lconst                               const        000000
__LcstackBANK0                         cstackBANK0  000000
__LcstackBANK1                         cstackBANK1  000000
__LcstackBANK2                         cstackBANK2  000000
__LcstackCOMRAM                        cstackCOMRAM 000000
__Ldata                                data         000000
__LdataBANK0                           dataBANK0    000000
__LdataBANK1                           dataBANK1    000000
__LdataCOMRAM                          dataCOMRAM   000000
__Leeprom_data                         eeprom_data  000000
__Lfarbss                              farbss       000000
__Lfardata                             fardata      000000
__Lheap                                heap         000000
__Libigdata                            ibigdata     000000
__Lidata                               idata        000000
__LidataBANK0                          idataBANK0   000000
__LidataBANK1                          idataBANK1   000000
__LidataCOMRAM                         idataCOMRAM  000000
__Lidloc                               idloc        000000
__Lifardata                            ifardata     000000
__Linit                                init         000B20
__Lintcode                             intcode      000008
__Lintcode_body                        intcode_body 000000
__Lintcodelo                           intcodelo    000018
__Lintentry                            intentry     000000
__Lintret                              intret       000000
__Lintsave_regs                        intsave_regs 000000
__Lirdata                              irdata       000000
__Lmediumconst                         mediumconst  00FE66
__LnvFARRAM                            nvFARRAM     000000
__Lnvbit                               nvbit        000000
__Lnvrram                              nvrram       000000
__Lparam                               rparam       000000
__Lpowerup                             powerup      000B20
__Lram                                 ram          000000
__Lramtop                              ramtop       000F00
__Lrbit                                rbit         000000
__Lrbss                                rbss         000000
__Lrdata                               rdata        000000
__Lreset_vec                           reset_vec    000000
__Lrparam                              rparam       000000
__Lsfr                                 sfr          000000
__Lsivt_hi                             sivt_hi      000000
__Lsivt_lo                             sivt_lo      000000
__Lsmallconst                          smallconst   000000
__Lspace_0                             (abs)        000000
__Lspace_1                             (abs)        000000
__Lspace_2                             (abs)        000000
__Lspace_4                             (abs)        000000
__Lstack                               stack        000000
__Lstruct                              struct       000000
__Ltemp                                temp         000046
__Ltext                                text         000000
__Ltext0                               text0        000000
__Ltext1                               text1        000000
__Ltext10                              text10       000000
__Ltext11                              text11       000000
__Ltext12                              text12       000000
__Ltext13                              text13       000000
__Ltext14                              text14       000000
__Ltext15                              text15       000000
__Ltext16                              text16       000000
__Ltext17                              text17       000000
__Ltext18                              text18       000000
__Ltext19                              text19       000000
__Ltext2                               text2        000000
__Ltext20                              text20       000000
__Ltext21                              text21       000000
__Ltext22                              text22       000000
__Ltext23                              text23       000000
__Ltext24                              text24       000000
__Ltext25                              text25       000000
__Ltext26                              text26       000000
__Ltext27                              text27       000000
__Ltext28                              text28       000000
__Ltext29                              text29       000000
__Ltext3                               text3        000000
__Ltext30                              text30       000000
__Ltext31                              text31       000000
__Ltext32                              text32       000000
__Ltext33                              text33       000000
__Ltext34                              text34       000000
__Ltext35                              text35       000000
__Ltext36                              text36       000000
__Ltext37                              text37       000000
__Ltext38                              text38       000000
__Ltext39                              text39       000000
__Ltext4                               text4        000000
__Ltext40                              text40       000000
__Ltext41                              text41       000000
__Ltext42                              text42       000000
__Ltext43                              text43       000000
__Ltext45                              text45       000000
__Ltext46                              text46       000000
__Ltext47                              text47       000000
__Ltext48                              text48       000000
__Ltext49                              text49       000000
__Ltext5                               text5        000000
__Ltext50                              text50       000000
__Ltext51                              text51       000000
__Ltext52                              text52       000000
__Ltext53                              text53       000000
__Ltext54                              text54       000000
__Ltext55                              text55       000000
__Ltext56                              text56       000000
__Ltext57                              text57       000000
__Ltext58                              text58       000000
__Ltext6                               text6        000000
__Ltext60                              text60       000000
__Ltext7                               text7        000000
__Ltext8                               text8        000000
__Ltext9                               text9        000000
__S0                                   (abs)        015608
__S1                                   (abs)        000245
__S4                                   (abs)        000000
__S5                                   (abs)        000000
___aldiv                               text17       014592
___aldiv@counter                       cstackBANK1  000198
___aldiv@dividend                      cstackBANK1  000190
___aldiv@divisor                       cstackBANK1  000194
___aldiv@quotient                      cstackBANK1  00019A
___aldiv@sign                          cstackBANK1  000199
___awdiv                               text60       014D6E
___awdiv@counter                       cstackCOMRAM 000005
___awdiv@dividend                      cstackCOMRAM 000001
___awdiv@divisor                       cstackCOMRAM 000003
___awdiv@quotient                      cstackCOMRAM 000007
___awdiv@sign                          cstackCOMRAM 000006
___fladd                               text23       011A30
___fladd@a                             cstackBANK2  000204
___fladd@aexp                          cstackBANK2  000209
___fladd@b                             cstackBANK2  000200
___fladd@bexp                          cstackBANK2  00020A
___fladd@grs                           cstackBANK2  00020B
___fladd@signs                         cstackBANK2  000208
___fldiv                               text16       013094
___fldiv@a                             cstackBANK2  000218
___fldiv@aexp                          cstackBANK2  00022C
___fldiv@b                             cstackBANK2  000214
___fldiv@bexp                          cstackBANK2  00022B
___fldiv@grs                           cstackBANK2  000227
___fldiv@new_exp                       cstackBANK2  000225
___fldiv@rem                           cstackBANK2  000220
___fldiv@sign                          cstackBANK2  000224
___fleq                                text58       014FA6
___fleq@ff1                            cstackCOMRAM 000019
___fleq@ff2                            cstackCOMRAM 00001D
___flmul                               text24       012844
___flmul@a                             cstackBANK1  0001A2
___flmul@aexp                          cstackBANK1  0001AB
___flmul@b                             cstackBANK1  00019E
___flmul@bexp                          cstackBANK1  0001B0
___flmul@grs                           cstackBANK1  0001AC
___flmul@prod                          cstackBANK1  0001B1
___flmul@sign                          cstackBANK1  0001AA
___flmul@temp                          cstackBANK1  0001B5
___flneg                               text15       01534A
___flneg@f1                            cstackBANK1  000190
___flsub                               text22       0151F4
___flsub@a                             cstackBANK2  000210
___flsub@b                             cstackBANK2  00020C
___fltol                               text33       0147A8
___fltol@exp1                          cstackBANK1  000199
___fltol@f1                            cstackBANK1  000190
___fltol@sign1                         cstackBANK1  000198
___fpclassifyf                         text5        0149B8
___fpclassifyf@F465                    bssBANK1     00010C
___fpclassifyf@e                       cstackBANK1  000198
___fpclassifyf@u                       cstackBANK1  00019A
___fpclassifyf@x                       cstackBANK1  000190
___heap_hi                             (abs)        000000
___heap_lo                             (abs)        000000
___inthi_sp                            stack        000000
___inthi_stack_hi                      stack        000000
___inthi_stack_lo                      stack        000000
___intlo_sp                            stack        000000
___intlo_stack_hi                      stack        000000
___intlo_stack_lo                      stack        000000
___lwdiv                               text38       0150CE
___lwdiv@counter                       cstackBANK1  00019B
___lwdiv@dividend                      cstackBANK1  000195
___lwdiv@divisor                       cstackBANK1  000197
___lwdiv@quotient                      cstackBANK1  000199
___lwmod                               text37       015144
___lwmod@counter                       cstackBANK1  000194
___lwmod@dividend                      cstackBANK1  000190
___lwmod@divisor                       cstackBANK1  000192
___param_bank                          (abs)        000000
___rparam_used                         (abs)        000001
___sp                                  stack        000000
___stack_hi                            stack        000000
___stack_lo                            stack        000000
___xxtofl                              text21       013E58
___xxtofl@arg                          cstackBANK1  00019A
___xxtofl@exp                          cstackBANK1  000199
___xxtofl@sign                         cstackBANK1  000198
___xxtofl@val                          cstackBANK1  000190
__accesstop                            (abs)        000060
__activetblptr                         (abs)        000003
__end_of_BP_Get_Falling_Edge           text31       01534A
__end_of_BT_Enable                     text30       015528
__end_of_Compass_Calibre               text14       012844
__end_of_Compass_Init                  text12       014338
__end_of_ENC_Get_Value                 text11       0155FA
__end_of_ENC_Set_Value                 text29       015604
__end_of_Get_Millis                    text43       0155F0
__end_of_Initialisation                text7        011494
__end_of_LCD_Clear                     text13       0154EC
__end_of_LCD_Goto                      text40       015428
__end_of_LCD_Init                      text10       014CAC
__end_of_LCD_Print                     text39       0152CA
__end_of_LCD_Retro                     text9        0155BA
__end_of_LCD_Write                     text41       01530C
__end_of_LCD_Write_s16bits             text34       0151F4
__end_of_LCD_Write_u16bits             text36       014480
__end_of_LCD_afficher_odometrie        text32       014EEE
__end_of_LIDAR_Motor_Enable            text8        014D6E
__end_of_Motors_Enable                 text28       0154AA
__end_of_Motors_Get_Enc_Left           text27       0155DE
__end_of_Motors_Get_Enc_Right          text26       0155CC
__end_of_Motors_Speed                  text25       0154CC
__end_of_Motors_Turn_Angle             text20       013ACC
__end_of_SSP2_Read                     text19       015578
__end_of_SSP2_Write                    text18       01550A
__end_of___aldiv                       text17       01469E
__end_of___awdiv                       text60       014E30
__end_of___fladd                       text23       011F1E
__end_of___fldiv                       text16       013426
__end_of___fleq                        text58       015050
__end_of___flmul                       text24       012C6C
__end_of___flneg                       text15       015384
__end_of___flsub                       text22       01523C
__end_of___fltol                       text33       0148B0
__end_of___fpclassifyf                 text5        014AB8
__end_of___lwdiv                       text38       015144
__end_of___lwmod                       text37       0151AA
__end_of___xxtofl                      text21       014010
__end_of__initialization               cinit        0150C4
__end_of_aT0                           mediumconst  00FE9B
__end_of_aT1                           mediumconst  00FE97
__end_of_aT2                           mediumconst  00FE93
__end_of_aT3                           mediumconst  00FE8F
__end_of_aT4                           mediumconst  00FE8B
__end_of_abs                           text35       0153F2
__end_of_atanf                         text50       010790
__end_of_atanhi                        mediumconst  00FE87
__end_of_atanlo                        mediumconst  00FE77
__end_of_calcul_angle_robot            text3        013C96
__end_of_calcul_distance_roues         text2        013E58
__end_of_fabsf                         text57       01545C
__end_of_fmodf                         text4        011A30
__end_of_init                          text6        01555E
__end_of_lcdNibble                     text42       014FA6
__end_of_main                          text0        014592
__end_of_mise_a_jour_odometrie         text1        015486
__end_of_myHighIsr                     intcode_body 010ECA
__end_of_myLowIsr                      intcodelo    000B20
__end_ofi1_SSP2_Read                   text49       0155A8
__end_ofi1_SSP2_Write                  text48       015544
__end_ofi1___aldiv                     text47       0147A8
__end_ofi1___fladd                     text53       0123D6
__end_ofi1___fldiv                     text56       0137B8
__end_ofi1___flmul                     text55       013094
__end_ofi1___flneg                     text54       0153BC
__end_ofi1___flsub                     text52       015284
__end_ofi1___fltol                     text46       0149B8
__end_ofi1___fpclassifyf               text51       014BB6
__end_ofi1___xxtofl                    text45       0141C4
__initialization                       cinit        015050
__mediumconst                          mediumconst  00FE66
__pbssBANK0                            bssBANK0     0000B3
__pbssBANK1                            bssBANK1     000100
__pbssCOMRAM                           bssCOMRAM    00002D
__pcinit                               cinit        015050
__pcstackBANK0                         cstackBANK0  000060
__pcstackBANK1                         cstackBANK1  000166
__pcstackBANK2                         cstackBANK2  000200
__pcstackCOMRAM                        cstackCOMRAM 000001
__pdataBANK0                           dataBANK0    0000ED
__pdataBANK1                           dataBANK1    0001BD
__pdataCOMRAM                          dataCOMRAM   000044
__pidataBANK0                          idataBANK0   015606
__pidataBANK1                          idataBANK1   015578
__pidataCOMRAM                         idataCOMRAM  015604
__pintcode                             intcode      000008
__pintcode_body                        intcode_body 010790
__pintcodelo                           intcodelo    000018
__pmediumconst                         mediumconst  00FE66
__ptext0                               text0        014480
__ptext1                               text1        01545C
__ptext10                              text10       014BB6
__ptext11                              text11       0155F0
__ptext12                              text12       0141C4
__ptext13                              text13       0154CC
__ptext14                              text14       0123D6
__ptext15                              text15       01534A
__ptext16                              text16       013094
__ptext17                              text17       014592
__ptext18                              text18       0154EC
__ptext19                              text19       01555E
__ptext2                               text2        013C96
__ptext20                              text20       0137B8
__ptext21                              text21       013E58
__ptext22                              text22       0151F4
__ptext23                              text23       011A30
__ptext24                              text24       012844
__ptext25                              text25       0154AA
__ptext26                              text26       0155BA
__ptext27                              text27       0155CC
__ptext28                              text28       015486
__ptext29                              text29       0155FA
__ptext3                               text3        013ACC
__ptext30                              text30       01550A
__ptext31                              text31       01530C
__ptext32                              text32       014E30
__ptext33                              text33       0147A8
__ptext34                              text34       0151AA
__ptext35                              text35       0153BC
__ptext36                              text36       014338
__ptext37                              text37       015144
__ptext38                              text38       0150CE
__ptext39                              text39       015284
__ptext4                               text4        011494
__ptext40                              text40       0153F2
__ptext41                              text41       0152CA
__ptext42                              text42       014EEE
__ptext43                              text43       0155DE
__ptext45                              text45       014010
__ptext46                              text46       0148B0
__ptext47                              text47       01469E
__ptext48                              text48       015528
__ptext49                              text49       015590
__ptext5                               text5        0149B8
__ptext50                              text50       010000
__ptext51                              text51       014AB8
__ptext52                              text52       01523C
__ptext53                              text53       011F1E
__ptext54                              text54       015384
__ptext55                              text55       012C6C
__ptext56                              text56       013426
__ptext57                              text57       015428
__ptext58                              text58       014FA6
__ptext6                               text6        015544
__ptext60                              text60       014D6E
__ptext7                               text7        010ECA
__ptext8                               text8        014CAC
__ptext9                               text9        0155A8
__ramtop                               ramtop       000F00
__smallconst                           smallconst   000000
_abs                                   text35       0153BC
_angle_max                             bssCOMRAM    000033
_angle_max_r                           bssBANK0     0000BD
_angle_min                             bssCOMRAM    000031
_angle_min_r                           bssBANK0     0000BB
_atanf                                 text50       010000
_atanf$2783                            cstackBANK1  00017A
_atanf$2784                            cstackBANK1  000166
_atanf$2785                            cstackBANK1  00017E
_atanf$2786                            cstackBANK1  00016A
_atanf$2787                            cstackBANK1  00016E
_atanhi                                mediumconst  00FE77
_atanlo                                mediumconst  00FE67
_calcul_angle_robot                    text3        013ACC
_calcul_distance_roues                 text2        013C96
_consigne                              bssBANK0     0000BF
_consigned                             bssBANK0     0000C5
_consigneg                             bssBANK0     0000C7
_consignevitrc                         bssCOMRAM    000038
_distance_max                          bssCOMRAM    00002F
_distance_max_r                        bssBANK0     0000B9
_distance_min                          bssCOMRAM    00002D
_distance_min_r                        bssBANK0     0000B7
_erreurd                               bssBANK0     0000CD
_erreurg                               bssBANK0     0000CF
_etat                                  bssCOMRAM    000035
_fabsf                                 text57       015428
_fmodf                                 text4        011494
_init                                  text6        015544
_kim                                   dataBANK1    0001BD
_kpm                                   dataBANK1    0001C1
_lcdNibble                             text42       014EEE
_main                                  text0        014480
_millisecondes                         bssBANK1     00012C
_mise_a_jour_odometrie                 text1        01545C
_myHighIsr                             intcode      000008
_myLowIsr                              intcodelo    000018
_myLowIsr$2782                         cstackBANK0  0000AF
_odo                                   bssBANK1     000142
_past_LCD                              bssBANK1     000120
_past_odo                              bssBANK1     000118
_pres_LCD                              bssBANK1     000124
_pres_odo                              bssBANK1     00011C
_pwmdc                                 bssBANK0     0000C1
_pwmgc                                 bssBANK0     0000C3
_resteturna                            bssBANK1     000128
_sens                                  bssCOMRAM    000039
_sigmaerreurd                          bssBANK0     0000C9
_sigmaerreurg                          bssBANK0     0000CB
_sigmamax                              dataBANK0    0000ED
_tempsd                                dataBANK1    0001C5
_tempsg                                dataBANK1    0001C9
abs@a                                  cstackBANK1  000190
atanf@id                               cstackBANK1  000187
atanf@ix                               cstackBANK1  00018C
atanf@s1                               cstackBANK1  000172
atanf@s2                               cstackBANK1  000176
atanf@sign                             cstackBANK1  000182
atanf@w                                cstackBANK1  000183
atanf@x                                cstackBANK0  00009E
atanf@z                                cstackBANK1  000188
btemp                                  temp         000046
calcul_angle_robot@ancienne_distance_d bssBANK1     000110
calcul_angle_robot@ancienne_distance_g bssBANK1     000114
calcul_angle_robot@delta_d             cstackBANK2  000239
calcul_angle_robot@delta_g             cstackBANK2  000235
calcul_angle_robot@delta_theta         cstackBANK2  00023D
calcul_angle_robot@dist_droite         cstackBANK2  000231
calcul_angle_robot@dist_gauche         cstackBANK2  00022D
end_of_initialization                  cinit        0150C4
fabsf@F465                             bssBANK1     000108
fabsf@u                                cstackCOMRAM 00001D
fabsf@x                                cstackCOMRAM 000019
fmodf@F466                             bssBANK1     000104
fmodf@F468                             bssBANK1     000100
fmodf@ex                               cstackBANK2  000203
fmodf@ey                               cstackBANK2  000201
fmodf@i                                cstackBANK2  000209
fmodf@sx                               cstackBANK2  000200
fmodf@ux                               cstackBANK2  00020D
fmodf@uy                               cstackBANK2  000205
fmodf@x                                cstackBANK1  00019E
fmodf@y                                cstackBANK1  0001A2
i1SSP2_Read@SSP2_ADD                   cstackCOMRAM 00001A
i1SSP2_Read@SSP2_REG                   cstackCOMRAM 000019
i1SSP2_Write@SSP2_ADD                  cstackCOMRAM 00001B
i1SSP2_Write@SSP2_DATA                 cstackCOMRAM 00001A
i1SSP2_Write@SSP2_REG                  cstackCOMRAM 000019
i1_SSP2_Read                           text49       015590
i1_SSP2_Write                          text48       015528
i1___aldiv                             text47       01469E
i1___aldiv@counter                     cstackCOMRAM 000021
i1___aldiv@dividend                    cstackCOMRAM 000019
i1___aldiv@divisor                     cstackCOMRAM 00001D
i1___aldiv@quotient                    cstackCOMRAM 000023
i1___aldiv@sign                        cstackCOMRAM 000022
i1___fladd                             text53       011F1E
i1___fladd@a                           cstackBANK0  000079
i1___fladd@aexp                        cstackBANK0  000082
i1___fladd@b                           cstackBANK0  000075
i1___fladd@bexp                        cstackBANK0  000083
i1___fladd@grs                         cstackBANK0  000084
i1___fladd@signs                       cstackBANK0  000081
i1___fldiv                             text56       013426
i1___fldiv@a                           cstackBANK0  000089
i1___fldiv@aexp                        cstackBANK0  00009D
i1___fldiv@b                           cstackBANK0  000085
i1___fldiv@bexp                        cstackBANK0  00009C
i1___fldiv@grs                         cstackBANK0  000098
i1___fldiv@new_exp                     cstackBANK0  000096
i1___fldiv@rem                         cstackBANK0  000091
i1___fldiv@sign                        cstackBANK0  000095
i1___flmul                             text55       012C6C
i1___flmul@a                           cstackBANK0  000064
i1___flmul@aexp                        cstackBANK0  000069
i1___flmul@b                           cstackBANK0  000060
i1___flmul@bexp                        cstackBANK0  00006E
i1___flmul@grs                         cstackBANK0  00006A
i1___flmul@prod                        cstackBANK0  00006F
i1___flmul@sign                        cstackBANK0  000068
i1___flmul@temp                        cstackBANK0  000073
i1___flneg                             text54       015384
i1___flneg@f1                          cstackCOMRAM 000019
i1___flsub                             text52       01523C
i1___flsub@a                           cstackBANK0  000089
i1___flsub@b                           cstackBANK0  000085
i1___fltol                             text46       0148B0
i1___fltol@exp1                        cstackCOMRAM 00002C
i1___fltol@f1                          cstackBANK0  000075
i1___fltol@sign1                       cstackCOMRAM 00002B
i1___fpclassifyf                       text51       014AB8
i1___fpclassifyf@e                     cstackCOMRAM 000021
i1___fpclassifyf@u                     cstackCOMRAM 000023
i1___fpclassifyf@x                     cstackCOMRAM 000019
i1___xxtofl                            text45       014010
i1___xxtofl@arg                        cstackCOMRAM 000023
i1___xxtofl@exp                        cstackCOMRAM 000022
i1___xxtofl@sign                       cstackCOMRAM 000021
i1___xxtofl@val                        cstackCOMRAM 000019
int$flags                              temp         000046
int_func                               intcode_body 010790
intlevel0                              text         000000
intlevel1                              text         000000
intlevel2                              text         000000
intlevel3                              text         000000
isa$std                                (abs)        000001
isa$xinst                              (abs)        000000
lcdNibble@nibble                       cstackBANK1  000191
stackhi                                (abs)        000000
stacklo                                (abs)        000000
start                                  init         000B20
start_initialization                   cinit        015050
ttemp5                                 temp         000047
ttemp6                                 temp         00004A
ttemp7                                 temp         00004E
wtemp8                                 temp         000047


MODULE INFORMATION

Module		Function		Class		Link	Load	Size
C:\Program Files\Microchip\xc8\v2.50\pic\sources\c99\common\flneg.c
		___flneg       		CODE           	1534A	0000	58

C:\Program Files\Microchip\xc8\v2.50\pic\sources\c99\common\flneg.c estimated size: 58

C:\Program Files\Microchip\xc8\v2.50\pic\sources\c99\common\fabsf.c
		_fabsf         		CODE           	15428	0000	52

C:\Program Files\Microchip\xc8\v2.50\pic\sources\c99\common\fabsf.c estimated size: 52

C:\Program Files\Microchip\xc8\v2.50\pic\sources\c99\common\atanf.c
		_atanf         		CODE           	10000	0000	1936

C:\Program Files\Microchip\xc8\v2.50\pic\sources\c99\common\atanf.c estimated size: 1936

C:\Program Files\Microchip\xc8\v2.50\pic\sources\c99\common\sprcmul.c
		___flmul       		CODE           	12844	0000	1064

C:\Program Files\Microchip\xc8\v2.50\pic\sources\c99\common\sprcmul.c estimated size: 1064

./Isr.c
		_myLowIsr      		CODE           	0018	0000	2824
		_myHighIsr     		CODE           	0008	0000	1856

./Isr.c estimated size: 4680

C:\Program Files\Microchip\xc8\v2.50\pic\sources\c99\common\sprcdiv.c
		___fldiv       		CODE           	13094	0000	914

C:\Program Files\Microchip\xc8\v2.50\pic\sources\c99\common\sprcdiv.c estimated size: 914

C:\Program Files\Microchip\xc8\v2.50\pic\sources\c99\common\lwmod.c
		___lwmod       		CODE           	15144	0000	102

C:\Program Files\Microchip\xc8\v2.50\pic\sources\c99\common\lwmod.c estimated size: 102

C:\Program Files\Microchip\xc8\v2.50\pic\sources\c99\common\abs.c
		_abs           		CODE           	153BC	0000	54

C:\Program Files\Microchip\xc8\v2.50\pic\sources\c99\common\abs.c estimated size: 54

C:\Program Files\Microchip\xc8\v2.50\pic\sources\c99\common\fleq.c
		___fleq        		CODE           	14FA6	0000	170

C:\Program Files\Microchip\xc8\v2.50\pic\sources\c99\common\fleq.c estimated size: 170

./LCD.c
		_LCD_Init      		CODE           	14BB6	0000	246
		_lcdNibble     		CODE           	14EEE	0000	184
		_LCD_Clear     		CODE           	154CC	0000	32
		_LCD_Goto      		CODE           	153F2	0000	54
		_LCD_Print     		CODE           	15284	0000	70
		_LCD_Write     		CODE           	152CA	0000	66

./LCD.c estimated size: 652

C:\Program Files\Microchip\xc8\v2.50\pic\sources\c99\common\xxtofl.c
		___xxtofl      		CODE           	13E58	0000	440

C:\Program Files\Microchip\xc8\v2.50\pic\sources\c99\common\xxtofl.c estimated size: 440

C:\Program Files\Microchip\xc8\v2.50\pic\sources\c99\common\__fpclassifyf.c
		___fpclassifyf 		CODE           	149B8	0000	256

C:\Program Files\Microchip\xc8\v2.50\pic\sources\c99\common\__fpclassifyf.c estimated size: 256

C:\Program Files\Microchip\xc8\v2.50\pic\sources\c99\common\sprcadd.c
		___flsub       		CODE           	151F4	0000	72
		___fladd       		CODE           	11A30	0000	1262

C:\Program Files\Microchip\xc8\v2.50\pic\sources\c99\common\sprcadd.c estimated size: 1334

shared
		_aT1           		MEDIUMCONST    	0000	0000	0
		_aT2           		MEDIUMCONST    	0000	0000	0
		_aT3           		MEDIUMCONST    	0000	0000	0
		_aT4           		MEDIUMCONST    	0000	0000	0
		_atanhi        		MEDIUMCONST    	FE77	0000	16
		i1___flneg     		CODE           	15384	0000	56
		i1___fladd     		CODE           	11F1E	0000	1208
		i1___fldiv     		CODE           	13426	0000	914
		i1___fltol     		CODE           	148B0	0000	264
		__initialization		CODE           	15050	0000	116
		i1___aldiv     		CODE           	1469E	0000	266
		i1___flmul     		CODE           	12C6C	0000	1064
		i1___xxtofl    		CODE           	14010	0000	436
		i1___fpclassifyf		CODE           	14AB8	0000	254
		i1_SSP2_Read   		CODE           	15590	0000	24
		i1___flsub     		CODE           	1523C	0000	72
		i1_SSP2_Write  		CODE           	15528	0000	28
		_aT0           		MEDIUMCONST    	0000	0000	0
		_atanlo        		MEDIUMCONST    	FE67	0000	16

shared estimated size: 4734

C:\Program Files\Microchip\xc8\v2.50\pic\sources\c99\common\fmodf.c
		_fmodf         		CODE           	11494	0000	1436

C:\Program Files\Microchip\xc8\v2.50\pic\sources\c99\common\fmodf.c estimated size: 1436

C:\Program Files\Microchip\xc8\v2.50\pic\sources\c99\common\lwdiv.c
		___lwdiv       		CODE           	150CE	0000	118

C:\Program Files\Microchip\xc8\v2.50\pic\sources\c99\common\lwdiv.c estimated size: 118

C:\Program Files\Microchip\xc8\v2.50\pic\sources\c99\common\awdiv.c
		___awdiv       		CODE           	14D6E	0000	194

C:\Program Files\Microchip\xc8\v2.50\pic\sources\c99\common\awdiv.c estimated size: 194

C:\Program Files\Microchip\xc8\v2.50\pic\sources\c99\common\fltol.c
		___fltol       		CODE           	147A8	0000	264

C:\Program Files\Microchip\xc8\v2.50\pic\sources\c99\common\fltol.c estimated size: 264

odo.c
		_calcul_distance_roues		CODE           	13C96	0000	450
		_mise_a_jour_odometrie		CODE           	1545C	0000	42
		_LCD_afficher_odometrie		CODE           	14E30	0000	190
		_calcul_angle_robot		CODE           	13ACC	0000	458

odo.c estimated size: 1140

C:\Program Files\Microchip\xc8\v2.50\pic\sources\c99\common\aldiv.c
		___aldiv       		CODE           	14592	0000	268

C:\Program Files\Microchip\xc8\v2.50\pic\sources\c99\common\aldiv.c estimated size: 268

2emeAlidar_Proc_principal.c
		_init          		CODE           	15544	0000	26
		_main          		CODE           	14480	0000	274

2emeAlidar_Proc_principal.c estimated size: 300

./Init.c
		_Initialisation		CODE           	10ECA	0000	1482

./Init.c estimated size: 1482

./Fonctions.c
		_LCD_Retro     		CODE           	155A8	0000	18
		_Motors_Get_Enc_Right		CODE           	155BA	0000	18
		_LIDAR_Motor_Enable		CODE           	14CAC	0000	194
		_LCD_Write_s16bits		CODE           	151AA	0000	74
		_LCD_Write_u16bits		CODE           	14338	0000	328
		_SSP2_Write    		CODE           	154EC	0000	30
		_BT_Enable     		CODE           	1550A	0000	30
		_Motors_Speed  		CODE           	154AA	0000	34
		_Compass_Calibre		CODE           	123D6	0000	1134
		_ENC_Get_Value 		CODE           	155F0	0000	10
		_Motors_Enable 		CODE           	15486	0000	36
		_ENC_Set_Value 		CODE           	155FA	0000	10
		_SSP2_Read     		CODE           	1555E	0000	26
		_Motors_Get_Enc_Left		CODE           	155CC	0000	18
		_Motors_Turn_Angle		CODE           	137B8	0000	788
		_Get_Millis    		CODE           	155DE	0000	18
		_BP_Get_Falling_Edge		CODE           	1530C	0000	62
		_Compass_Init  		CODE           	141C4	0000	372

./Fonctions.c estimated size: 3200

